###############################################################################
#
# IAR ELF Linker V9.20.4.327/W64 for ARM                  05/Jan/2023  14:58:10
# Copyright 2007-2022 IAR Systems AB.
#
#    Output file  =
#        C:\Users\khale\OneDrive\Skrivbord\Project\Debug\Exe\project.out
#    Map file     =
#        C:\Users\khale\OneDrive\Skrivbord\Project\Debug\List\project.map
#    Command line =
#        -f C:\Users\khale\OneDrive\Skrivbord\Project\Debug\Exe\project.out.rsp
#        (C:\Users\khale\OneDrive\Skrivbord\Project\Debug\Obj\alarm.o
#        C:\Users\khale\OneDrive\Skrivbord\Project\Debug\Obj\calendar.o
#        C:\Users\khale\OneDrive\Skrivbord\Project\Debug\Obj\cstartup.o
#        C:\Users\khale\OneDrive\Skrivbord\Project\Debug\Obj\display.o
#        C:\Users\khale\OneDrive\Skrivbord\Project\Debug\Obj\exceptions.o
#        C:\Users\khale\OneDrive\Skrivbord\Project\Debug\Obj\keypad.o
#        C:\Users\khale\OneDrive\Skrivbord\Project\Debug\Obj\light.o
#        C:\Users\khale\OneDrive\Skrivbord\Project\Debug\Obj\LinkedList.o
#        C:\Users\khale\OneDrive\Skrivbord\Project\Debug\Obj\main.o
#        C:\Users\khale\OneDrive\Skrivbord\Project\Debug\Obj\plot.o
#        C:\Users\khale\OneDrive\Skrivbord\Project\Debug\Obj\servo.o
#        C:\Users\khale\OneDrive\Skrivbord\Project\Debug\Obj\startup_sam3x.o
#        C:\Users\khale\OneDrive\Skrivbord\Project\Debug\Obj\sun.o
#        C:\Users\khale\OneDrive\Skrivbord\Project\Debug\Obj\system_sam3x.o
#        C:\Users\khale\OneDrive\Skrivbord\Project\Debug\Obj\temp.o
#        --no_out_extension -o
#        C:\Users\khale\OneDrive\Skrivbord\Project\Debug\Exe\project.out
#        --redirect _Printf=_PrintfFullNoMb --redirect _Scanf=_ScanfFullNoMb
#        --map C:\Users\khale\OneDrive\Skrivbord\Project\Debug\List\project.map
#        --config C:\Users\khale\OneDrive\Skrivbord\Project\project.icf
#        --semihosting --entry __iar_program_start --vfe --text_out locale)
#
###############################################################################

*******************************************************************************
*** RUNTIME MODEL ATTRIBUTES
***

CppFlavor       = *
__CPP_Runtime   = 1
__Heap_Handler  = Basic
__SystemLibrary = DLib
__dlib_version  = 6


*******************************************************************************
*** HEAP SELECTION
***

The basic heap was selected because some modules are built with
size limitations (and not runtime checking), and --advanced_heap
was not specified.


*******************************************************************************
*** PLACEMENT SUMMARY
***

"A0":  place at address 0x2007'0000 { ro section .intvec };
"P1":  place in [from 0x2007'0000 to 0x2008'7fff] { ro };
define block CSTACK with size = 4K, alignment = 8 { };
define block HEAP with size = 65'535, alignment = 8 { };
"P2":  place in [from 0x2007'0000 to 0x2008'7fff] {
          rw, block CSTACK, block HEAP };
initialize by copy with packing = none, complex ranges { rw };

  Section            Kind         Address      Size  Object
  -------            ----         -------      ----  ------
"A0":                                          0xf4
  .intvec                     0x2007'0000      0xf4  <Block>
    .intvec          const    0x2007'0000      0xf4  startup_sam3x.o [1]
                            - 0x2007'00f4      0xf4

"P1-P2", part 1 of 3:                        0x4c8c
  .text              ro code  0x2007'00f4     0xf12  xprintffull_nomb.o [2]
  .text              ro code  0x2007'1006      0x2a  copy_init3.o [4]
  .text              ro code  0x2007'1030      0x16  strchr.o [4]
  .text              ro code  0x2007'1046       0xa  xsprout.o [2]
  .text              ro code  0x2007'1050      0x40  xfail_s.o [2]
  .text              ro code  0x2007'1090      0x36  strlen.o [4]
  .text              ro code  0x2007'10c6       0x2  exceptions.o [1]
  .text              ro code  0x2007'10c8      0x58  memchr.o [4]
  .text              ro code  0x2007'1120      0xa6  ABImemcpy.o [4]
  .text              ro code  0x2007'11c8      0x70  frexp.o [3]
  .text              ro code  0x2007'1238      0x34  DblCmpLe.o [3]
  .text              ro code  0x2007'126c      0x34  DblCmpGe.o [3]
  .text              ro code  0x2007'12a0     0x13a  ldexp.o [3]
  .text              ro code  0x2007'13dc      0x36  DblToS32.o [3]
  .text              ro code  0x2007'1414      0x22  S32ToDbl.o [3]
  .text              ro code  0x2007'1438     0x25e  DblAddSub.o [3]
  .text              ro code  0x2007'1698     0x246  DblDiv.o [3]
  .text              ro code  0x2007'18e0      0x22  DblToU32.o [3]
  .text              ro code  0x2007'1904      0x1c  U32ToDbl.o [3]
  .text              ro code  0x2007'1920     0x1aa  DblMul.o [3]
  .text              ro code  0x2007'1acc     0x230  I64DivMod.o [4]
  .text              ro code  0x2007'1cfc       0x6  abort.o [2]
  .text              ro code  0x2007'1d04       0x2  I64DivZer.o [4]
  .text              ro code  0x2007'1d08      0x14  exit.o [5]
  .text              ro code  0x2007'1d1c     0xd34  plot.o [1]
  .text              ro code  0x2007'2a50     0x246  display.o [1]
  .text              ro code  0x2007'2c98      0x40  sprintf.o [2]
  .text              ro code  0x2007'2cd8     0x4b4  calendar.o [1]
  .text              ro code  0x2007'318c      0x48  FltToDbl.o [3]
  .text              ro code  0x2007'31d4     0x128  keypad.o [1]
  .text              ro code  0x2007'32fc     0x4c0  light.o [1]
  .text              ro code  0x2007'37bc     0x478  main.o [1]
  .text              ro code  0x2007'3c34      0xa0  system_sam3x.o [1]
  .text              ro code  0x2007'3cd4     0x198  sun.o [1]
  .text              ro code  0x2007'3e6c      0xac  servo.o [1]
  .text              ro code  0x2007'3f18     0x1d8  temp.o [1]
  .text              ro code  0x2007'40f0     0x398  LinkedList.o [1]
  .text              ro code  0x2007'4488     0x144  alarm.o [1]
  .text              ro code  0x2007'45cc      0x1a  U32ToFlt.o [3]
  .text              ro code  0x2007'45e8     0x16e  FltAddSub.o [3]
  .text              ro code  0x2007'4758     0x118  FltDiv.o [3]
  .text              ro code  0x2007'4870      0x68  DblToFlt.o [3]
  .text              ro code  0x2007'48d8     0x13c  heap0.o [2]
  .text              ro code  0x2007'4a14       0x4  heaptramp0.o [2]
  .text              ro code  0x2007'4a18      0x1c  FltCmpEq.o [3]
  .text              ro code  0x2007'4a34      0x28  FltCmpLe.o [3]
  .text              ro code  0x2007'4a5c      0x2c  xgetmemchunk.o [2]
  .text              ro code  0x2007'4a88      0x38  zero_init3.o [4]
  .rodata            const    0x2007'4ac0      0x30  calendar.o [1]
  .text              ro code  0x2007'4af0      0x30  startup_sam3x.o [1]
  .text              ro code  0x2007'4b20       0xc  cstartup.o [1]
  .text              ro code  0x2007'4b2c      0x1e  cmain.o [4]
  .text              ro code  0x2007'4b4c      0x28  data_init.o [4]
  .text              ro code  0x2007'4b74       0x4  exit.o [2]
  .text              ro code  0x2007'4b78       0xa  cexit.o [4]
  .iar.init_table    const    0x2007'4b84      0x24  - Linker created -
  .rodata            const    0x2007'4ba8      0x18  plot.o [1]
  .rodata            const    0x2007'4bc0      0x18  plot.o [1]
  .rodata            const    0x2007'4bd8      0x18  plot.o [1]
  .rodata            const    0x2007'4bf0      0x18  plot.o [1]
  .rodata            const    0x2007'4c08      0x14  plot.o [1]
  .rodata            const    0x2007'4c1c      0x14  plot.o [1]
  .rodata            const    0x2007'4c30      0x10  plot.o [1]
  .rodata            const    0x2007'4c40      0x10  plot.o [1]
  .rodata            const    0x2007'4c50      0x10  plot.o [1]
  .rodata            const    0x2007'4c60      0x10  plot.o [1]
  .rodata            const    0x2007'4c70      0x10  plot.o [1]
  .rodata            const    0x2007'4c80      0x10  plot.o [1]
  .rodata            const    0x2007'4c90      0x10  plot.o [1]
  .rodata            const    0x2007'4ca0       0xc  main.o [1]
  .rodata            const    0x2007'4cac       0xc  main.o [1]
  .rodata            const    0x2007'4cb8       0xc  main.o [1]
  .rodata            const    0x2007'4cc4       0xc  main.o [1]
  .rodata            const    0x2007'4cd0       0xc  plot.o [1]
  .rodata            const    0x2007'4cdc       0xc  plot.o [1]
  .rodata            const    0x2007'4ce8       0xc  plot.o [1]
  .rodata            const    0x2007'4cf4       0xc  plot.o [1]
  .rodata            const    0x2007'4d00       0xc  plot.o [1]
  .rodata            const    0x2007'4d0c       0xc  plot.o [1]
  .rodata            const    0x2007'4d18       0xc  plot.o [1]
  .rodata            const    0x2007'4d24       0xc  plot.o [1]
  .rodata            const    0x2007'4d30       0x8  plot.o [1]
  .rodata            const    0x2007'4d38       0x8  plot.o [1]
  .rodata            const    0x2007'4d40       0x8  plot.o [1]
  .rodata            const    0x2007'4d48       0x8  plot.o [1]
  .rodata            const    0x2007'4d50       0x8  plot.o [1]
  .rodata            const    0x2007'4d58       0x8  plot.o [1]
  .rodata            const    0x2007'4d60       0x8  plot.o [1]
  .rodata            const    0x2007'4d68       0x0  zero_init3.o [4]
  .rodata            const    0x2007'4d68       0x0  copy_init3.o [4]
  P1-P2 s0                    0x2007'4d68       0xc  <Init block>
    .data            inited   0x2007'4d68       0x8  sun.o [1]
    .data            inited   0x2007'4d70       0x4  system_sam3x.o [1]
  Initializer bytes  const    0x2007'4d74       0xc  <for P1-P2 s0>
                            - 0x2007'4d80    0x4c8c

"P1-P2", part 2 of 3:                         0x1e0
  .bss               zero     0x2007'4d80      0x54  LinkedList.o [1]
  .bss               zero     0x2007'4dd4      0x1c  LinkedList.o [1]
  .bss               zero     0x2007'4df0      0x1c  LinkedList.o [1]
  .bss               zero     0x2007'4e0c      0x1c  LinkedList.o [1]
  .bss               zero     0x2007'4e28       0x8  light.o [1]
  .bss               zero     0x2007'4e30       0x8  light.o [1]
  .bss               zero     0x2007'4e38       0x8  light.o [1]
  .bss               zero     0x2007'4e40       0x8  heap0.o [2]
  .bss               zero     0x2007'4e48       0x4  alarm.o [1]
  .bss               zero     0x2007'4e4c       0x4  alarm.o [1]
  .bss               zero     0x2007'4e50       0x4  alarm.o [1]
  .bss               zero     0x2007'4e54       0x4  alarm.o [1]
  .bss               zero     0x2007'4e58       0x4  calendar.o [1]
  .bss               zero     0x2007'4e5c       0x4  calendar.o [1]
  .bss               zero     0x2007'4e60       0x4  calendar.o [1]
  .bss               zero     0x2007'4e64       0x4  calendar.o [1]
  .bss               zero     0x2007'4e68       0x4  calendar.o [1]
  .bss               zero     0x2007'4e6c       0x4  calendar.o [1]
  .bss               zero     0x2007'4e70       0x4  calendar.o [1]
  .bss               zero     0x2007'4e74       0x4  calendar.o [1]
  .bss               zero     0x2007'4e78       0x4  calendar.o [1]
  .bss               zero     0x2007'4e7c       0x4  calendar.o [1]
  .bss               zero     0x2007'4e80       0x4  calendar.o [1]
  .bss               zero     0x2007'4e84       0x4  calendar.o [1]
  .bss               zero     0x2007'4e88       0x4  calendar.o [1]
  .bss               zero     0x2007'4e8c       0x4  calendar.o [1]
  .bss               zero     0x2007'4e90       0x4  calendar.o [1]
  .bss               zero     0x2007'4e94       0x4  calendar.o [1]
  .bss               zero     0x2007'4e98       0x4  calendar.o [1]
  .bss               zero     0x2007'4e9c       0x4  calendar.o [1]
  .bss               zero     0x2007'4ea0       0x4  calendar.o [1]
  .bss               zero     0x2007'4ea4       0x4  calendar.o [1]
  .bss               zero     0x2007'4ea8       0x4  calendar.o [1]
  .bss               zero     0x2007'4eac       0x4  keypad.o [1]
  .bss               zero     0x2007'4eb0       0x4  keypad.o [1]
  .bss               zero     0x2007'4eb4       0x4  keypad.o [1]
  .bss               zero     0x2007'4eb8       0x4  light.o [1]
  .bss               zero     0x2007'4ebc       0x4  light.o [1]
  .bss               zero     0x2007'4ec0       0x4  LinkedList.o [1]
  .bss               zero     0x2007'4ec4       0x4  LinkedList.o [1]
  .bss               zero     0x2007'4ec8       0x4  LinkedList.o [1]
  .bss               zero     0x2007'4ecc       0x4  LinkedList.o [1]
  .bss               zero     0x2007'4ed0       0x4  LinkedList.o [1]
  .bss               zero     0x2007'4ed4       0x4  LinkedList.o [1]
  .bss               zero     0x2007'4ed8       0x4  LinkedList.o [1]
  .bss               zero     0x2007'4edc       0x4  LinkedList.o [1]
  .bss               zero     0x2007'4ee0       0x4  LinkedList.o [1]
  .bss               zero     0x2007'4ee4       0x4  LinkedList.o [1]
  .bss               zero     0x2007'4ee8       0x4  LinkedList.o [1]
  .bss               zero     0x2007'4eec       0x4  LinkedList.o [1]
  .bss               zero     0x2007'4ef0       0x4  LinkedList.o [1]
  .bss               zero     0x2007'4ef4       0x4  LinkedList.o [1]
  .bss               zero     0x2007'4ef8       0x4  LinkedList.o [1]
  .bss               zero     0x2007'4efc       0x4  LinkedList.o [1]
  .bss               zero     0x2007'4f00       0x4  LinkedList.o [1]
  .bss               zero     0x2007'4f04       0x4  LinkedList.o [1]
  .bss               zero     0x2007'4f08       0x4  main.o [1]
  .bss               zero     0x2007'4f0c       0x4  main.o [1]
  .bss               zero     0x2007'4f10       0x4  main.o [1]
  .bss               zero     0x2007'4f14       0x4  main.o [1]
  .bss               zero     0x2007'4f18       0x4  main.o [1]
  .bss               zero     0x2007'4f1c       0x4  main.o [1]
  .bss               zero     0x2007'4f20       0x4  main.o [1]
  .bss               zero     0x2007'4f24       0x4  main.o [1]
  .bss               zero     0x2007'4f28       0x4  main.o [1]
  .bss               zero     0x2007'4f2c       0x4  sun.o [1]
  .bss               zero     0x2007'4f30       0x4  sun.o [1]
  .bss               zero     0x2007'4f34       0x4  sun.o [1]
  .bss               zero     0x2007'4f38       0x4  sun.o [1]
  .bss               zero     0x2007'4f3c       0x4  sun.o [1]
  .bss               zero     0x2007'4f40       0x4  temp.o [1]
  .bss               zero     0x2007'4f44       0x4  temp.o [1]
  .bss               zero     0x2007'4f48       0x4  temp.o [1]
  .bss               zero     0x2007'4f4c       0x4  temp.o [1]
  .bss               zero     0x2007'4f50       0x4  temp.o [1]
  .bss               zero     0x2007'4f54       0x4  temp.o [1]
  .bss               zero     0x2007'4f58       0x4  xgetmemchunk.o [2]
  .bss               zero     0x2007'4f5c       0x4  xfail_s.o [2]
                            - 0x2007'4f60     0x1e0

"P1-P2", part 3 of 3:                      0x1'0fff
  CSTACK                      0x2007'4f60    0x1000  <Block>
    CSTACK           uninit   0x2007'4f60    0x1000  <Block tail>
  HEAP                        0x2007'5f60    0xffff  <Block>
    HEAP             uninit   0x2007'5f60    0xffff  <Block tail>
                            - 0x2008'5f5f  0x1'0fff

Unused ranges:

         From           To    Size
         ----           --    ----
  0x2008'5f5f  0x2008'7fff  0x20a1


*******************************************************************************
*** INIT TABLE
***

          Address      Size
          -------      ----
Zero (__iar_zero_init3)
    1 destination range, total size 0x1e0:
          0x2007'4d80  0x1e0

Copy (__iar_copy_init3)
    1 source range, total size 0xc:
          0x2007'4d74    0xc
    1 destination range, total size 0xc:
          0x2007'4d68    0xc



*******************************************************************************
*** MODULE SUMMARY
***

    Module              ro code  ro data  rw data
    ------              -------  -------  -------
command line/config:
    ---------------------------------------------
    Total:

C:\Users\khale\OneDrive\Skrivbord\Project\Debug\Obj: [1]
    LinkedList.o            920               240
    alarm.o                 324                16
    calendar.o            1'204       48       84
    cstartup.o               12
    display.o               582
    exceptions.o              2
    keypad.o                296                12
    light.o               1'216                32
    main.o                1'144       48       36
    plot.o                3'380      400
    servo.o                 172
    startup_sam3x.o          48      244
    sun.o                   408        8       28
    system_sam3x.o          160        4        4
    temp.o                  472                24
    ---------------------------------------------
    Total:               10'340      752      476

dl7M_tln.a: [2]
    abort.o                   6
    exit.o                    4
    heap0.o                 316                 8
    heaptramp0.o              4
    sprintf.o                64
    xfail_s.o                64                 4
    xgetmemchunk.o           44                 4
    xprintffull_nomb.o    3'858
    xsprout.o                10
    ---------------------------------------------
    Total:                4'370                16

m7M_tl.a: [3]
    DblAddSub.o             606
    DblCmpGe.o               52
    DblCmpLe.o               52
    DblDiv.o                582
    DblMul.o                426
    DblToFlt.o              104
    DblToS32.o               54
    DblToU32.o               34
    FltAddSub.o             366
    FltCmpEq.o               28
    FltCmpLe.o               40
    FltDiv.o                280
    FltToDbl.o               72
    S32ToDbl.o               34
    U32ToDbl.o               28
    U32ToFlt.o               26
    frexp.o                 112
    ldexp.o                 314
    ---------------------------------------------
    Total:                3'210

rt7M_tl.a: [4]
    ABImemcpy.o             166
    I64DivMod.o             560
    I64DivZer.o               2
    cexit.o                  10
    cmain.o                  30
    copy_init3.o             42
    data_init.o              40
    memchr.o                 88
    strchr.o                 22
    strlen.o                 54
    zero_init3.o             56
    ---------------------------------------------
    Total:                1'070

shb_l.a: [5]
    exit.o                   20
    ---------------------------------------------
    Total:                   20

    Gaps                     28        2
    Linker created                    36   69'631
-------------------------------------------------
    Grand Total:         19'038      790   70'123


*******************************************************************************
*** ENTRY LIST
***

Entry                       Address   Size  Type      Object
-----                       -------   ----  ----      ------
.iar.init_table$$Base   0x2007'4b84          --   Gb  - Linker created -
.iar.init_table$$Limit  0x2007'4ba8          --   Gb  - Linker created -
.intvec$$Base           0x2007'0000          --   Gb  - Linker created -
.intvec$$Limit          0x2007'00f4          --   Gb  - Linker created -
?main                   0x2007'4b2d         Code  Gb  cmain.o [4]
A                       0x2007'4f44    0x4  Data  Gb  temp.o [1]
ADC_Config              0x2007'337d   0x4c  Code  Gb  light.o [1]
ADC_Handler             0x2007'33c9   0x68  Code  Gb  light.o [1]
Aflag                   0x2007'4eb8    0x4  Data  Gb  light.o [1]
AlarmPlot               0x2007'1fe5   0x4e  Code  Gb  plot.o [1]
Aldata                  0x2007'4e40    0x8  Data  Lc  heap0.o [2]
Avg                     0x2007'4e0c   0x1c  Data  Gb  LinkedList.o [1]
B                       0x2007'4f48    0x4  Data  Gb  temp.o [1]
BusFault_Handler        0x2007'10c7    0x2  Code  Wk  exceptions.o [1]
CAN0_Handler            0x2007'10c7    0x2  Code  Wk  exceptions.o [1]
CAN1_Handler            0x2007'10c7    0x2  Code  Wk  exceptions.o [1]
CSTACK$$Base            0x2007'4f60          --   Gb  - Linker created -
CSTACK$$Limit           0x2007'5f60          --   Gb  - Linker created -
ClearDisplay            0x2007'2c55   0x42  Code  Gb  display.o [1]
D                       0x2007'4e90    0x4  Data  Gb  calendar.o [1]
DACC_Handler            0x2007'10c7    0x2  Code  Wk  exceptions.o [1]
DMAC_Handler            0x2007'10c7    0x2  Code  Wk  exceptions.o [1]
DatePlot                0x2007'1f65   0x80  Code  Gb  plot.o [1]
DayFlag                 0x2007'4e84    0x4  Data  Gb  calendar.o [1]
DaysCounter             0x2007'4e7c    0x4  Data  Gb  calendar.o [1]
DebugMon_Handler        0x2007'10c7    0x2  Code  Wk  exceptions.o [1]
Delay                   0x2007'2a95    0xe  Code  Gb  display.o [1]
Dummy_Handler           0x2007'10c7    0x2  Code  Gb  exceptions.o [1]
EFC0_Handler            0x2007'10c7    0x2  Code  Wk  exceptions.o [1]
EFC1_Handler            0x2007'10c7    0x2  Code  Wk  exceptions.o [1]
H                       0x2007'4e9c    0x4  Data  Gb  calendar.o [1]
HEAP$$Base              0x2007'5f60          --   Gb  - Linker created -
HEAP$$Limit             0x2008'5f5f          --   Gb  - Linker created -
HSMCI_Handler           0x2007'10c7    0x2  Code  Wk  exceptions.o [1]
HardFault_Handler       0x2007'10c7    0x2  Code  Wk  exceptions.o [1]
High                    0x2007'4e4c    0x4  Data  Gb  alarm.o [1]
Init_Display            0x2007'2bb1   0x6a  Code  Gb  display.o [1]
Init_PWM                0x2007'3e8d   0x26  Code  Gb  servo.o [1]
LedConfig               0x2007'3cd5   0x1c  Code  Gb  sun.o [1]
List                    0x2007'4f00    0x4  Data  Gb  LinkedList.o [1]
Low                     0x2007'4e48    0x4  Data  Gb  alarm.o [1]
M                       0x2007'4e94    0x4  Data  Gb  calendar.o [1]
MemManage_Handler       0x2007'10c7    0x2  Code  Wk  exceptions.o [1]
Menu                    0x2007'3967  0x1ee  Code  Gb  main.o [1]
Min_Max_Average         0x2007'41f7  0x13e  Code  Gb  LinkedList.o [1]
NMI_Handler             0x2007'10c7    0x2  Code  Wk  exceptions.o [1]
NVIC_ClearPendingIRQ    0x2007'3313   0x16  Code  Lc  light.o [1]
NVIC_ClearPendingIRQ    0x2007'3f2d   0x14  Code  Lc  temp.o [1]
NVIC_EnableIRQ          0x2007'32fd   0x16  Code  Lc  light.o [1]
NVIC_EnableIRQ          0x2007'3f19   0x14  Code  Lc  temp.o [1]
NVIC_SetPriority        0x2007'3329   0x28  Code  Lc  light.o [1]
NVIC_SetPriority        0x2007'37bd   0x28  Code  Lc  main.o [1]
NVIC_SetPriority        0x2007'3f41   0x24  Code  Lc  temp.o [1]
PIOA_Handler            0x2007'10c7    0x2  Code  Wk  exceptions.o [1]
PIOB_Handler            0x2007'10c7    0x2  Code  Wk  exceptions.o [1]
PIOC_Handler            0x2007'10c7    0x2  Code  Wk  exceptions.o [1]
PIOD_Handler            0x2007'10c7    0x2  Code  Wk  exceptions.o [1]
PMC_Handler             0x2007'10c7    0x2  Code  Wk  exceptions.o [1]
PWM_Handler             0x2007'10c7    0x2  Code  Wk  exceptions.o [1]
PendSV_Handler          0x2007'10c7    0x2  Code  Wk  exceptions.o [1]
Print_Min_Max_Day       0x2007'22fd  0x69a  Code  Gb  plot.o [1]
PutMinMaxAvg            0x2007'4335   0xd6  Code  Gb  LinkedList.o [1]
RSTC_Handler            0x2007'10c7    0x2  Code  Wk  exceptions.o [1]
RTC_Handler             0x2007'10c7    0x2  Code  Wk  exceptions.o [1]
RTT_Handler             0x2007'10c7    0x2  Code  Wk  exceptions.o [1]
Read_Status_Display     0x2007'2aa3   0x52  Code  Gb  display.o [1]
Region$$Table$$Base     0x2007'4b84          --   Gb  - Linker created -
Region$$Table$$Limit    0x2007'4ba8          --   Gb  - Linker created -
RemoveLast              0x2007'4177   0x28  Code  Gb  LinkedList.o [1]
Reset_Handler           0x2007'4b19    0x8  Code  Gb  startup_sam3x.o [1]
S                       0x2007'4ea4    0x4  Data  Gb  calendar.o [1]
SPI0_Handler            0x2007'10c7    0x2  Code  Wk  exceptions.o [1]
SSC_Handler             0x2007'10c7    0x2  Code  Wk  exceptions.o [1]
SUPC_Handler            0x2007'10c7    0x2  Code  Wk  exceptions.o [1]
SVC_Handler             0x2007'10c7    0x2  Code  Wk  exceptions.o [1]
SetAlarm                0x2007'457d   0x3c  Code  Gb  alarm.o [1]
SetDateTime             0x2007'2f73   0x5c  Code  Gb  calendar.o [1]
SetDay                  0x2007'2cd9   0x6e  Code  Gb  calendar.o [1]
SetHighTemp             0x2007'44ed   0x64  Code  Gb  alarm.o [1]
SetHour                 0x2007'2e47   0x64  Code  Gb  calendar.o [1]
SetLowHigh              0x2007'4551   0x2c  Code  Gb  alarm.o [1]
SetLowTemp              0x2007'4489   0x64  Code  Gb  alarm.o [1]
SetMinute               0x2007'2eab   0x64  Code  Gb  calendar.o [1]
SetMonth                0x2007'2d47   0x90  Code  Gb  calendar.o [1]
SetSecond               0x2007'2f0f   0x64  Code  Gb  calendar.o [1]
SetYear                 0x2007'2dd7   0x70  Code  Gb  calendar.o [1]
Set_Led                 0x2007'3cf1   0x14  Code  Gb  sun.o [1]
Set_Led1                0x2007'3d05   0x14  Code  Gb  sun.o [1]
SumTempInsert           0x2007'4ecc    0x4  Data  Gb  LinkedList.o [1]
SysTick_Config          0x2007'37e5   0x36  Code  Lc  main.o [1]
SysTick_Handler         0x2007'3b55   0x60  Code  Gb  main.o [1]
SystemCoreClock         0x2007'4d70    0x4  Data  Gb  system_sam3x.o [1]
SystemInit              0x2007'3c35   0x6e  Code  Gb  system_sam3x.o [1]
TC0_Handler             0x2007'4025   0x12  Code  Gb  temp.o [1]
TC1_Handler             0x2007'10c7    0x2  Code  Wk  exceptions.o [1]
TC2_Handler             0x2007'10c7    0x2  Code  Wk  exceptions.o [1]
TC3_Handler             0x2007'10c7    0x2  Code  Wk  exceptions.o [1]
TC4_Handler             0x2007'10c7    0x2  Code  Wk  exceptions.o [1]
TC5_Handler             0x2007'10c7    0x2  Code  Wk  exceptions.o [1]
TRNG_Handler            0x2007'10c7    0x2  Code  Wk  exceptions.o [1]
TWI0_Handler            0x2007'10c7    0x2  Code  Wk  exceptions.o [1]
TWI1_Handler            0x2007'10c7    0x2  Code  Wk  exceptions.o [1]
TempFlag                0x2007'4f50    0x4  Data  Gb  temp.o [1]
UART_Handler            0x2007'10c7    0x2  Code  Wk  exceptions.o [1]
UOTGHS_Handler          0x2007'10c7    0x2  Code  Wk  exceptions.o [1]
USART0_Handler          0x2007'10c7    0x2  Code  Wk  exceptions.o [1]
USART1_Handler          0x2007'10c7    0x2  Code  Wk  exceptions.o [1]
USART2_Handler          0x2007'10c7    0x2  Code  Wk  exceptions.o [1]
UsageFault_Handler      0x2007'10c7    0x2  Code  Wk  exceptions.o [1]
WDT_Handler             0x2007'10c7    0x2  Code  Wk  exceptions.o [1]
Write_Command_2_Display
                        0x2007'2af5   0x5e  Code  Gb  display.o [1]
Write_Data_2_Display    0x2007'2b53   0x5e  Code  Gb  display.o [1]
Y                       0x2007'4e98    0x4  Data  Gb  calendar.o [1]
_LitobFullNoMb          0x2007'0e0d  0x10c  Code  Lc  xprintffull_nomb.o [2]
_PrintfFullNoMb         0x2007'00f5  0xce8  Code  Gb  xprintffull_nomb.o [2]
_PutcharFullNoMb        0x2007'0f71   0x20  Code  Lc  xprintffull_nomb.o [2]
_PutcharsFullNoMb       0x2007'0f91   0x2e  Code  Lc  xprintffull_nomb.o [2]
_SProut                 0x2007'1047    0xa  Code  Gb  xsprout.o [2]
__aeabi_cdcmple         0x2007'1239         Code  Gb  DblCmpLe.o [3]
__aeabi_cdrcmple        0x2007'126d         Code  Gb  DblCmpGe.o [3]
__aeabi_cfcmpeq         0x2007'4a19         Code  Gb  FltCmpEq.o [3]
__aeabi_cfcmple         0x2007'4a35         Code  Gb  FltCmpLe.o [3]
__aeabi_d2f             0x2007'4871         Code  Gb  DblToFlt.o [3]
__aeabi_d2iz            0x2007'13dd         Code  Gb  DblToS32.o [3]
__aeabi_d2uiz           0x2007'18e1         Code  Gb  DblToU32.o [3]
__aeabi_dadd            0x2007'1439         Code  Gb  DblAddSub.o [3]
__aeabi_ddiv            0x2007'1699         Code  Gb  DblDiv.o [3]
__aeabi_dmul            0x2007'1921         Code  Gb  DblMul.o [3]
__aeabi_dsub            0x2007'15b5         Code  Gb  DblAddSub.o [3]
__aeabi_f2d             0x2007'318d         Code  Gb  FltToDbl.o [3]
__aeabi_fadd            0x2007'45e9         Code  Gb  FltAddSub.o [3]
__aeabi_fdiv            0x2007'4759         Code  Gb  FltDiv.o [3]
__aeabi_fsub            0x2007'46c9         Code  Gb  FltAddSub.o [3]
__aeabi_i2d             0x2007'1415         Code  Gb  S32ToDbl.o [3]
__aeabi_ldiv0           0x2007'1d05         Code  Gb  I64DivZer.o [4]
__aeabi_memcpy          0x2007'1121         Code  Gb  ABImemcpy.o [4]
__aeabi_memcpy4         0x2007'1141         Code  Gb  ABImemcpy.o [4]
__aeabi_memcpy8         0x2007'1141         Code  Gb  ABImemcpy.o [4]
__aeabi_ui2d            0x2007'1905         Code  Gb  U32ToDbl.o [3]
__aeabi_ui2f            0x2007'45cd         Code  Gb  U32ToFlt.o [3]
__aeabi_uldivmod        0x2007'1acd         Code  Gb  I64DivMod.o [4]
__basic_free            0x2007'4985   0x16  Code  Gb  heap0.o [2]
__basic_free_intern     0x2007'499b   0x74  Code  Lc  heap0.o [2]
__basic_malloc          0x2007'48d9   0x18  Code  Gb  heap0.o [2]
__basic_malloc_intern   0x2007'48f1   0x94  Code  Lc  heap0.o [2]
__cmain                 0x2007'4b2d         Code  Gb  cmain.o [4]
__data_GetMemChunk      0x2007'4a5d   0x2c  Code  Gb  xgetmemchunk.o [2]
__data_GetMemChunk::start
                        0x2007'4f58    0x4  Data  Lc  xgetmemchunk.o [2]
__exit                  0x2007'1d09   0x14  Code  Gb  exit.o [5]
__iar_Fail_s            0x2007'1051   0x1c  Code  Gb  xfail_s.o [2]
__iar_Memchr            0x2007'10c9         Code  Gb  memchr.o [4]
__iar_Strchr            0x2007'1031         Code  Gb  strchr.o [4]
__iar_copy_init3        0x2007'1007   0x2a  Code  Gb  copy_init3.o [4]
__iar_data_init3        0x2007'4b4d   0x28  Code  Gb  data_init.o [4]
__iar_frexp             0x2007'11d5         Code  Gb  frexp.o [3]
__iar_frexp64           0x2007'11c9         Code  Gb  frexp.o [3]
__iar_frexpl            0x2007'11d5         Code  Gb  frexp.o [3]
__iar_ldexp64           0x2007'12a1         Code  Gb  ldexp.o [3]
__iar_program_start     0x2007'4b21         Code  Gb  cstartup.o [1]
__iar_scalbln64         0x2007'12a1         Code  Gb  ldexp.o [3]
__iar_scalbn64          0x2007'12a1         Code  Gb  ldexp.o [3]
__iar_zero_init3        0x2007'4a89   0x38  Code  Gb  zero_init3.o [4]
__low_level_init        0x2007'4af1   0x20  Code  Gb  startup_sam3x.o [1]
__vector_table          0x2007'0000   0xf4  Data  Gb  startup_sam3x.o [1]
_call_main              0x2007'4b39         Code  Gb  cmain.o [4]
_exit                   0x2007'4b79         Code  Gb  cexit.o [4]
abort                   0x2007'1cfd    0x6  Code  Gb  abort.o [2]
average                 0x2007'4ec8    0x4  Data  Gb  LinkedList.o [1]
col                     0x2007'4eac    0x4  Data  Gb  keypad.o [1]
count                   0x2007'4e74    0x4  Data  Gb  calendar.o [1]
counter                 0x2007'4e50    0x4  Data  Gb  alarm.o [1]
countt                  0x2007'4f54    0x4  Data  Gb  temp.o [1]
darkness                0x2007'4f34    0x4  Data  Gb  sun.o [1]
day                     0x2007'4e64    0x4  Data  Gb  calendar.o [1]
dayArray                0x2007'4d80   0x54  Data  Gb  LinkedList.o [1]
dayflag                 0x2007'4e8c    0x4  Data  Gb  calendar.o [1]
daysnumber              0x2007'4e68    0x4  Data  Gb  calendar.o [1]
differntvalue           0x2007'3431  0x2c0  Code  Gb  light.o [1]
difval                  0x2007'4e38    0x8  Data  Gb  light.o [1]
displayConfig           0x2007'2a51   0x42  Code  Gb  display.o [1]
exit                    0x2007'4b75    0x4  Code  Gb  exit.o [2]
fastflag                0x2007'4f18    0x4  Data  Gb  main.o [1]
flag                    0x2007'4f4c    0x4  Data  Gb  temp.o [1]
free                    0x2007'4a15    0x4  Code  Gb  heaptramp0.o [2]
frexp                   0x2007'11c9         Code  Gb  frexp.o [3]
frexpl                  0x2007'11c9         Code  Gb  frexp.o [3]
full                    0x2007'4ee0    0x4  Data  Gb  LinkedList.o [1]
hour                    0x2007'4e60    0x4  Data  Gb  calendar.o [1]
hourFlag                0x2007'4e88    0x4  Data  Gb  calendar.o [1]
init_Temp               0x2007'3f75   0x58  Code  Gb  temp.o [1]
insertCount             0x2007'4edc    0x4  Data  Gb  LinkedList.o [1]
insertfirst             0x2007'4101   0x76  Code  Gb  LinkedList.o [1]
isFull                  0x2007'40f1   0x10  Code  Gb  LinkedList.o [1]
keypadConfig            0x2007'31d5   0x36  Code  Gb  keypad.o [1]
ldexp                   0x2007'12a1         Code  Gb  ldexp.o [3]
ldexpl                  0x2007'12a1         Code  Gb  ldexp.o [3]
ledTime                 0x2007'4f30    0x4  Data  Gb  sun.o [1]
lightConfig             0x2007'3351   0x2c  Code  Gb  light.o [1]
m                       0x2007'4ea0    0x4  Data  Gb  calendar.o [1]
main                    0x2007'381b  0x14c  Code  Gb  main.o [1]
max                     0x2007'4ec4    0x4  Data  Gb  LinkedList.o [1]
maxArray                0x2007'4df0   0x1c  Data  Gb  LinkedList.o [1]
max_hour                0x2007'4ef0    0x4  Data  Gb  LinkedList.o [1]
max_minute              0x2007'4ef4    0x4  Data  Gb  LinkedList.o [1]
max_second              0x2007'4ef8    0x4  Data  Gb  LinkedList.o [1]
memchr                  0x2007'10c9         Code  Gb  memchr.o [4]
menuFlag                0x2007'4f10    0x4  Data  Gb  main.o [1]
min                     0x2007'4ec0    0x4  Data  Gb  LinkedList.o [1]
minArray                0x2007'4dd4   0x1c  Data  Gb  LinkedList.o [1]
min_hour                0x2007'4ee4    0x4  Data  Gb  LinkedList.o [1]
min_max_day             0x2007'4ed0    0x4  Data  Gb  LinkedList.o [1]
min_max_month           0x2007'4ed4    0x4  Data  Gb  LinkedList.o [1]
min_max_year            0x2007'4ed8    0x4  Data  Gb  LinkedList.o [1]
min_minute              0x2007'4ee8    0x4  Data  Gb  LinkedList.o [1]
min_second              0x2007'4eec    0x4  Data  Gb  LinkedList.o [1]
minute                  0x2007'4e5c    0x4  Data  Gb  calendar.o [1]
minuteFlag              0x2007'4e80    0x4  Data  Gb  calendar.o [1]
month                   0x2007'4e6c    0x4  Data  Gb  calendar.o [1]
plot                    0x2007'1d1d   0x4e  Code  Gb  plot.o [1]
press1flag              0x2007'4f20    0x4  Data  Gb  main.o [1]
press2flag              0x2007'4f1c    0x4  Data  Gb  main.o [1]
press3flag              0x2007'4f24    0x4  Data  Gb  main.o [1]
press4flag              0x2007'4f28    0x4  Data  Gb  main.o [1]
printCalendar           0x2007'30a5   0x8e  Code  Gb  calendar.o [1]
printDayView            0x2007'2039  0x2be  Code  Gb  plot.o [1]
printLightSystem        0x2007'1ded  0x178  Code  Gb  plot.o [1]
printMenu               0x2007'1d6b   0x82  Code  Gb  plot.o [1]
printValue              0x2007'4e78    0x4  Data  Gb  calendar.o [1]
put_temp                0x2007'419f   0x58  Code  Gb  LinkedList.o [1]
readKeypad              0x2007'320b   0xb2  Code  Gb  keypad.o [1]
readTemp                0x2007'4037   0x48  Code  Gb  temp.o [1]
resultval               0x2007'4ebc    0x4  Data  Gb  light.o [1]
rotateServo             0x2007'3eb3   0x32  Code  Gb  servo.o [1]
row                     0x2007'4eb0    0x4  Data  Gb  keypad.o [1]
scalbln                 0x2007'12a1         Code  Gb  ldexp.o [3]
scalblnl                0x2007'12a1         Code  Gb  ldexp.o [3]
scalbn                  0x2007'12a1         Code  Gb  ldexp.o [3]
scalbnl                 0x2007'12a1         Code  Gb  ldexp.o [3]
scale                   0x2007'0f19   0x46  Code  Lc  xprintffull_nomb.o [2]
sec_hand                0x2007'4f5c    0x4  Data  Lc  xfail_s.o [2]
second                  0x2007'4e58    0x4  Data  Gb  calendar.o [1]
servoConfig             0x2007'3e6d   0x20  Code  Gb  servo.o [1]
shadOffFlag             0x2007'4f3c    0x4  Data  Gb  sun.o [1]
shadOnflag              0x2007'4f38    0x4  Data  Gb  sun.o [1]
sprintf                 0x2007'2c99   0x40  Code  Gb  sprintf.o [2]
startPuls               0x2007'3fcd   0x40  Code  Gb  temp.o [1]
start_mesurement        0x2007'400d   0x18  Code  Gb  temp.o [1]
strchr                  0x2007'1031         Code  Gb  strchr.o [4]
strlen                  0x2007'1091         Code  Gb  strlen.o [4]
sun                     0x2007'4d68    0x8  Data  Gb  sun.o [1]
sunTime                 0x2007'4f2c    0x4  Data  Gb  sun.o [1]
sun_led                 0x2007'3d19  0x10a  Code  Gb  sun.o [1]
temp                    0x2007'4f04    0x4  Data  Gb  LinkedList.o [1]
tempComfig              0x2007'3f65   0x10  Code  Gb  temp.o [1]
temperature             0x2007'4f40    0x4  Data  Gb  temp.o [1]
tempo                   0x2007'4efc    0x4  Data  Gb  LinkedList.o [1]
time                    0x2007'4f0c    0x4  Data  Gb  main.o [1]
timer                   0x2007'4f08    0x4  Data  Gb  main.o [1]
update                  0x2007'2fcf   0xd6  Code  Gb  calendar.o [1]
updateFlag              0x2007'4f14    0x4  Data  Gb  main.o [1]
val1                    0x2007'4e28    0x8  Data  Gb  light.o [1]
val2                    0x2007'4e30    0x8  Data  Gb  light.o [1]
vall                    0x2007'4e54    0x4  Data  Gb  alarm.o [1]
valu                    0x2007'4ea8    0x4  Data  Gb  calendar.o [1]
value                   0x2007'4eb4    0x4  Data  Gb  keypad.o [1]
year                    0x2007'4e70    0x4  Data  Gb  calendar.o [1]


[1] = C:\Users\khale\OneDrive\Skrivbord\Project\Debug\Obj
[2] = dl7M_tln.a
[3] = m7M_tl.a
[4] = rt7M_tl.a
[5] = shb_l.a

  19'038 bytes of readonly  code memory
     790 bytes of readonly  data memory
  70'123 bytes of readwrite data memory

Errors: none
Warnings: none
